exports[`test Button snapshot test 1`] = `
<button
  className="Button  undefined" />
`;
